
    BenchmarkDotNet=v0.10.x-mock, OS=Microsoft Windows NT 10.0.x.mock
    Processor=MockIntel(R) Core(TM) i7-6700HQ CPU 2.60GHz, ProcessorCount=8
    Frequency=2531248 Hz, Resolution=395.0620 ns, Timer=TSC
      [Host] : Clr 4.0.x.mock, 64mock RyuJIT-v4.6.x.mockCONFIGURATION

    Job=LongRun  LaunchCount=3  TargetCount=100  
    WarmupCount=15  

     Method |      Mean | Error |    StdDev |       P67 |
    ------- |----------:|------:|----------:|----------:|
        Foo | 1.0000 ns |    NA | 0.0000 ns | 1.0000 ns |
        Bar | 1.0000 ns |    NA | 0.0000 ns | 1.0000 ns |
