<!DOCTYPE html>
<html lang='en'>
<head>
<meta charset='utf-8' />
<title>MockSummary</title>

<style type="text/css">
	table { border-collapse: collapse; display: block; width: 100%; overflow: auto; }
	td, th { padding: 6px 13px; border: 1px solid #ddd; }
	tr { background-color: #fff; border-top: 1px solid #ccc; }
	tr:nth-child(even) { background: #f8f8f8; }
</style>
</head>
<body>
<pre><code>
BenchmarkDotNet=v0.10.x-mock, OS=Microsoft Windows NT 10.0.x.mock
Processor=MockIntel(R) Core(TM) i7-6700HQ CPU 2.60GHz, ProcessorCount=8
Frequency=2531248 Hz, Resolution=395.0620 ns, Timer=TSC
  [Host] : Clr 4.0.x.mock, 64mock RyuJIT-v4.6.x.mockCONFIGURATION
</code></pre>
<pre><code>Job=LongRun  LaunchCount=3  TargetCount=100  
WarmupCount=15  
</code></pre>

<table>
<thead><tr><th>Method</th><th>Mean</th><th>Error</th><th>StdDev</th><th>P67</th>
</tr>
</thead><tbody><tr><td>Foo</td><td>1.0000 ns</td><td>NA</td><td>0.0000 ns</td><td>1.0000 ns</td>
</tr><tr><td>Bar</td><td>1.0000 ns</td><td>NA</td><td>0.0000 ns</td><td>1.0000 ns</td>
</tr></tbody></table>
</body>
</html>
