{
   "Title":"MockSummary",
   "HostEnvironmentInfo":{
      "BenchmarkDotNetCaption":"BenchmarkDotNet",
      "BenchmarkDotNetVersion":"0.10.x-mock",
      "OsVersion":{
         "IsValueCreated":true,
         "Value":"Microsoft Windows NT 10.0.x.mock"
      },
      "ProcessorName":{
         "IsValueCreated":true,
         "Value":"MockIntel(R) Core(TM) i7-6700HQ CPU 2.60GHz"
      },
      "ProcessorCount":8,
      "RuntimeVersion":"Clr 4.0.x.mock",
      "Architecture":"64mock",
      "HasAttachedDebugger":false,
      "HasRyuJit":true,
      "Configuration":"CONFIGURATION",
      "JitModules":"clrjit-v4.6.x.mock",
      "DotNetCliVersion":"1.0.x.mock",
      "ChronometerFrequency":{
         "Hertz":2531248
      },
      "HardwareTimerKind":"Tsc"
   },
   "Benchmarks":[
      {
         "DisplayInfo":"MockBenchmarkClass.Foo: LongRun(LaunchCount=3, TargetCount=100, WarmupCount=15)",
         "Namespace":"BenchmarkDotNet.Tests.Mocks",
         "Type":"MockBenchmarkClass",
         "Method":"Foo",
         "MethodTitle":"Foo",
         "Parameters":"",
         "Statistics":{
            "N":1,
            "Min":1,
            "LowerFence":1,
            "Q1":1,
            "Median":1,
            "Mean":1,
            "Q3":1,
            "UpperFence":1,
            "Max":1,
            "InterquartileRange":0,
            "Outliers":[
               
            ],
            "StandardError":0,
            "Variance":0,
            "StandardDeviation":0,
            "Skewness":NaN,
            "Kurtosis":NaN,
            "ConfidenceInterval":{
               "N":1,
               "Mean":1,
               "StandardError":0,
               "Level":12,
               "Margin":NaN,
               "Lower":NaN,
               "Upper":NaN
            },
            "Percentiles":{
               "P0":1,
               "P25":1,
               "P50":1,
               "P67":1,
               "P80":1,
               "P85":1,
               "P90":1,
               "P95":1,
               "P100":1
            }
         }
      },{
         "DisplayInfo":"MockBenchmarkClass.Bar: LongRun(LaunchCount=3, TargetCount=100, WarmupCount=15)",
         "Namespace":"BenchmarkDotNet.Tests.Mocks",
         "Type":"MockBenchmarkClass",
         "Method":"Bar",
         "MethodTitle":"Bar",
         "Parameters":"",
         "Statistics":{
            "N":1,
            "Min":1,
            "LowerFence":1,
            "Q1":1,
            "Median":1,
            "Mean":1,
            "Q3":1,
            "UpperFence":1,
            "Max":1,
            "InterquartileRange":0,
            "Outliers":[
               
            ],
            "StandardError":0,
            "Variance":0,
            "StandardDeviation":0,
            "Skewness":NaN,
            "Kurtosis":NaN,
            "ConfidenceInterval":{
               "N":1,
               "Mean":1,
               "StandardError":0,
               "Level":12,
               "Margin":NaN,
               "Lower":NaN,
               "Upper":NaN
            },
            "Percentiles":{
               "P0":1,
               "P25":1,
               "P50":1,
               "P67":1,
               "P80":1,
               "P85":1,
               "P90":1,
               "P95":1,
               "P100":1
            }
         }
      }
   ]
}