############################################
AsciiDocExporter
############################################
....
BenchmarkDotNet=v0.10.x-mock, OS=Microsoft Windows NT 10.0.x.mock, VM=Hyper-V
MockIntel Core i7-6700HQ CPU 2.60GHz (Max: 3.10GHz), 1 CPU, 8 logical and 4 physical cores
Frequency=2531248 Hz, Resolution=395.0620 ns, Timer=TSC
  [Host]  : Clr 4.0.x.mock, 64mock RyuJIT-v4.6.x.mock CONFIGURATION
  LongRun : extra output line

Job=LongRun  IterationCount=100  LaunchCount=3  
WarmupCount=15  
....
[options="header"]
|===
|  Method|      Mean|  Error|    StdDev|       P67
|     Foo|  1,000 ns|     NA|  0,000 ns|  1,000 ns
|     Bar|  1,000 ns|     NA|  0,000 ns|  1,000 ns
|===
############################################
HtmlExporter
############################################
<!DOCTYPE html>
<html lang='en'>
<head>
<meta charset='utf-8' />
<title>MockSummary</title>

<style type="text/css">
	table { border-collapse: collapse; display: block; width: 100%; overflow: auto; }
	td, th { padding: 6px 13px; border: 1px solid #ddd; text-align: right; }
	tr { background-color: #fff; border-top: 1px solid #ccc; }
	tr:nth-child(even) { background: #f8f8f8; }
</style>
</head>
<body>
<pre><code>
BenchmarkDotNet=v0.10.x-mock, OS=Microsoft Windows NT 10.0.x.mock, VM=Hyper-V
MockIntel Core i7-6700HQ CPU 2.60GHz (Max: 3.10GHz), 1 CPU, 8 logical and 4 physical cores
Frequency=2531248 Hz, Resolution=395.0620 ns, Timer=TSC
  [Host]  : Clr 4.0.x.mock, 64mock RyuJIT-v4.6.x.mock CONFIGURATION
  LongRun : extra output line
</code></pre>
<pre><code>Job=LongRun  IterationCount=100  LaunchCount=3  
WarmupCount=15  
</code></pre>

<table>
<thead><tr><th>Method</th><th>Mean</th><th>Error</th><th>StdDev</th><th>P67</th>
</tr>
</thead><tbody><tr><td>Foo</td><td>1,000 ns</td><td>NA</td><td>0,000 ns</td><td>1,000 ns</td>
</tr><tr><td>Bar</td><td>1,000 ns</td><td>NA</td><td>0,000 ns</td><td>1,000 ns</td>
</tr></tbody></table>
</body>
</html>
############################################
JsonExporter-brief
############################################
{
   "Title":"MockSummary",
   "HostEnvironmentInfo":{
      "BenchmarkDotNetCaption":"BenchmarkDotNet",
      "BenchmarkDotNetVersion":"0.10.x-mock",
      "OsVersion":"Microsoft Windows NT 10.0.x.mock",
      "ProcessorName":"MockIntel Core i7-6700HQ CPU 2.60GHz",
      "PhysicalProcessorCount":1,
      "PhysicalCoreCount":4,
      "LogicalCoreCount":8,
      "RuntimeVersion":"Clr 4.0.x.mock",
      "Architecture":"64mock",
      "HasAttachedDebugger":false,
      "HasRyuJit":true,
      "Configuration":"CONFIGURATION",
      "DotNetCliVersion":null,
      "ChronometerFrequency":{
         "Hertz":2531248
      },
      "HardwareTimerKind":"Tsc"
   },
   "Benchmarks":[
      {
         "DisplayInfo":"MockBenchmarkClass.Foo: LongRun(IterationCount=100, LaunchCount=3, WarmupCount=15)",
         "Namespace":"BenchmarkDotNet.Tests.Mocks",
         "Type":"MockBenchmarkClass",
         "Method":"Foo",
         "MethodTitle":"Foo",
         "Parameters":"",
         "FullName":"BenchmarkDotNet.Tests.Mocks.MockFactory+MockBenchmarkClass.Foo",
         "Statistics":{
            "OriginalValues":[
               1
            ],
            "N":1,
            "Min":1,
            "LowerFence":1,
            "Q1":1,
            "Median":1,
            "Mean":1,
            "Q3":1,
            "UpperFence":1,
            "Max":1,
            "InterquartileRange":0,
            "LowerOutliers":[
               
            ],
            "UpperOutliers":[
               
            ],
            "AllOutliers":[
               
            ],
            "StandardError":0,
            "Variance":0,
            "StandardDeviation":0,
            "Skewness":NaN,
            "Kurtosis":NaN,
            "ConfidenceInterval":{
               "N":1,
               "Mean":1,
               "StandardError":0,
               "Level":12,
               "Margin":NaN,
               "Lower":NaN,
               "Upper":NaN
            },
            "Percentiles":{
               "P0":1,
               "P25":1,
               "P50":1,
               "P67":1,
               "P80":1,
               "P85":1,
               "P90":1,
               "P95":1,
               "P100":1
            }
         }
      },{
         "DisplayInfo":"MockBenchmarkClass.Bar: LongRun(IterationCount=100, LaunchCount=3, WarmupCount=15)",
         "Namespace":"BenchmarkDotNet.Tests.Mocks",
         "Type":"MockBenchmarkClass",
         "Method":"Bar",
         "MethodTitle":"Bar",
         "Parameters":"",
         "FullName":"BenchmarkDotNet.Tests.Mocks.MockFactory+MockBenchmarkClass.Bar",
         "Statistics":{
            "OriginalValues":[
               1
            ],
            "N":1,
            "Min":1,
            "LowerFence":1,
            "Q1":1,
            "Median":1,
            "Mean":1,
            "Q3":1,
            "UpperFence":1,
            "Max":1,
            "InterquartileRange":0,
            "LowerOutliers":[
               
            ],
            "UpperOutliers":[
               
            ],
            "AllOutliers":[
               
            ],
            "StandardError":0,
            "Variance":0,
            "StandardDeviation":0,
            "Skewness":NaN,
            "Kurtosis":NaN,
            "ConfidenceInterval":{
               "N":1,
               "Mean":1,
               "StandardError":0,
               "Level":12,
               "Margin":NaN,
               "Lower":NaN,
               "Upper":NaN
            },
            "Percentiles":{
               "P0":1,
               "P25":1,
               "P50":1,
               "P67":1,
               "P80":1,
               "P85":1,
               "P90":1,
               "P95":1,
               "P100":1
            }
         }
      }
   ]
}
############################################
JsonExporter-brief-compressed
############################################
{"Title":"MockSummary","HostEnvironmentInfo":{"BenchmarkDotNetCaption":"BenchmarkDotNet","BenchmarkDotNetVersion":"0.10.x-mock","OsVersion":"Microsoft Windows NT 10.0.x.mock","ProcessorName":"MockIntel Core i7-6700HQ CPU 2.60GHz","PhysicalProcessorCount":1,"PhysicalCoreCount":4,"LogicalCoreCount":8,"RuntimeVersion":"Clr 4.0.x.mock","Architecture":"64mock","HasAttachedDebugger":false,"HasRyuJit":true,"Configuration":"CONFIGURATION","DotNetCliVersion":null,"ChronometerFrequency":{"Hertz":2531248},"HardwareTimerKind":"Tsc"},"Benchmarks":[{"DisplayInfo":"MockBenchmarkClass.Foo: LongRun(IterationCount=100, LaunchCount=3, WarmupCount=15)","Namespace":"BenchmarkDotNet.Tests.Mocks","Type":"MockBenchmarkClass","Method":"Foo","MethodTitle":"Foo","Parameters":"","FullName":"BenchmarkDotNet.Tests.Mocks.MockFactory+MockBenchmarkClass.Foo","Statistics":{"OriginalValues":[1],"N":1,"Min":1,"LowerFence":1,"Q1":1,"Median":1,"Mean":1,"Q3":1,"UpperFence":1,"Max":1,"InterquartileRange":0,"LowerOutliers":[],"UpperOutliers":[],"AllOutliers":[],"StandardError":0,"Variance":0,"StandardDeviation":0,"Skewness":NaN,"Kurtosis":NaN,"ConfidenceInterval":{"N":1,"Mean":1,"StandardError":0,"Level":12,"Margin":NaN,"Lower":NaN,"Upper":NaN},"Percentiles":{"P0":1,"P25":1,"P50":1,"P67":1,"P80":1,"P85":1,"P90":1,"P95":1,"P100":1}}},{"DisplayInfo":"MockBenchmarkClass.Bar: LongRun(IterationCount=100, LaunchCount=3, WarmupCount=15)","Namespace":"BenchmarkDotNet.Tests.Mocks","Type":"MockBenchmarkClass","Method":"Bar","MethodTitle":"Bar","Parameters":"","FullName":"BenchmarkDotNet.Tests.Mocks.MockFactory+MockBenchmarkClass.Bar","Statistics":{"OriginalValues":[1],"N":1,"Min":1,"LowerFence":1,"Q1":1,"Median":1,"Mean":1,"Q3":1,"UpperFence":1,"Max":1,"InterquartileRange":0,"LowerOutliers":[],"UpperOutliers":[],"AllOutliers":[],"StandardError":0,"Variance":0,"StandardDeviation":0,"Skewness":NaN,"Kurtosis":NaN,"ConfidenceInterval":{"N":1,"Mean":1,"StandardError":0,"Level":12,"Margin":NaN,"Lower":NaN,"Upper":NaN},"Percentiles":{"P0":1,"P25":1,"P50":1,"P67":1,"P80":1,"P85":1,"P90":1,"P95":1,"P100":1}}}]}
############################################
JsonExporter-full
############################################
{
   "Title":"MockSummary",
   "HostEnvironmentInfo":{
      "BenchmarkDotNetCaption":"BenchmarkDotNet",
      "BenchmarkDotNetVersion":"0.10.x-mock",
      "OsVersion":"Microsoft Windows NT 10.0.x.mock",
      "ProcessorName":"MockIntel Core i7-6700HQ CPU 2.60GHz",
      "PhysicalProcessorCount":1,
      "PhysicalCoreCount":4,
      "LogicalCoreCount":8,
      "RuntimeVersion":"Clr 4.0.x.mock",
      "Architecture":"64mock",
      "HasAttachedDebugger":false,
      "HasRyuJit":true,
      "Configuration":"CONFIGURATION",
      "DotNetCliVersion":null,
      "ChronometerFrequency":{
         "Hertz":2531248
      },
      "HardwareTimerKind":"Tsc"
   },
   "Benchmarks":[
      {
         "DisplayInfo":"MockBenchmarkClass.Foo: LongRun(IterationCount=100, LaunchCount=3, WarmupCount=15)",
         "Namespace":"BenchmarkDotNet.Tests.Mocks",
         "Type":"MockBenchmarkClass",
         "Method":"Foo",
         "MethodTitle":"Foo",
         "Parameters":"",
         "FullName":"BenchmarkDotNet.Tests.Mocks.MockFactory+MockBenchmarkClass.Foo",
         "Statistics":{
            "OriginalValues":[
               1
            ],
            "N":1,
            "Min":1,
            "LowerFence":1,
            "Q1":1,
            "Median":1,
            "Mean":1,
            "Q3":1,
            "UpperFence":1,
            "Max":1,
            "InterquartileRange":0,
            "LowerOutliers":[
               
            ],
            "UpperOutliers":[
               
            ],
            "AllOutliers":[
               
            ],
            "StandardError":0,
            "Variance":0,
            "StandardDeviation":0,
            "Skewness":NaN,
            "Kurtosis":NaN,
            "ConfidenceInterval":{
               "N":1,
               "Mean":1,
               "StandardError":0,
               "Level":12,
               "Margin":NaN,
               "Lower":NaN,
               "Upper":NaN
            },
            "Percentiles":{
               "P0":1,
               "P25":1,
               "P50":1,
               "P67":1,
               "P80":1,
               "P85":1,
               "P90":1,
               "P95":1,
               "P100":1
            }
         },
         "Measurements":[
            {
               "IterationMode":"Workload",
               "IterationStage":"Result",
               "LaunchIndex":1,
               "IterationIndex":1,
               "Operations":1,
               "Nanoseconds":1
            }
         ]
      },{
         "DisplayInfo":"MockBenchmarkClass.Bar: LongRun(IterationCount=100, LaunchCount=3, WarmupCount=15)",
         "Namespace":"BenchmarkDotNet.Tests.Mocks",
         "Type":"MockBenchmarkClass",
         "Method":"Bar",
         "MethodTitle":"Bar",
         "Parameters":"",
         "FullName":"BenchmarkDotNet.Tests.Mocks.MockFactory+MockBenchmarkClass.Bar",
         "Statistics":{
            "OriginalValues":[
               1
            ],
            "N":1,
            "Min":1,
            "LowerFence":1,
            "Q1":1,
            "Median":1,
            "Mean":1,
            "Q3":1,
            "UpperFence":1,
            "Max":1,
            "InterquartileRange":0,
            "LowerOutliers":[
               
            ],
            "UpperOutliers":[
               
            ],
            "AllOutliers":[
               
            ],
            "StandardError":0,
            "Variance":0,
            "StandardDeviation":0,
            "Skewness":NaN,
            "Kurtosis":NaN,
            "ConfidenceInterval":{
               "N":1,
               "Mean":1,
               "StandardError":0,
               "Level":12,
               "Margin":NaN,
               "Lower":NaN,
               "Upper":NaN
            },
            "Percentiles":{
               "P0":1,
               "P25":1,
               "P50":1,
               "P67":1,
               "P80":1,
               "P85":1,
               "P90":1,
               "P95":1,
               "P100":1
            }
         },
         "Measurements":[
            {
               "IterationMode":"Workload",
               "IterationStage":"Result",
               "LaunchIndex":1,
               "IterationIndex":1,
               "Operations":1,
               "Nanoseconds":1
            }
         ]
      }
   ]
}
############################################
JsonExporter-full-compressed
############################################
{"Title":"MockSummary","HostEnvironmentInfo":{"BenchmarkDotNetCaption":"BenchmarkDotNet","BenchmarkDotNetVersion":"0.10.x-mock","OsVersion":"Microsoft Windows NT 10.0.x.mock","ProcessorName":"MockIntel Core i7-6700HQ CPU 2.60GHz","PhysicalProcessorCount":1,"PhysicalCoreCount":4,"LogicalCoreCount":8,"RuntimeVersion":"Clr 4.0.x.mock","Architecture":"64mock","HasAttachedDebugger":false,"HasRyuJit":true,"Configuration":"CONFIGURATION","DotNetCliVersion":null,"ChronometerFrequency":{"Hertz":2531248},"HardwareTimerKind":"Tsc"},"Benchmarks":[{"DisplayInfo":"MockBenchmarkClass.Foo: LongRun(IterationCount=100, LaunchCount=3, WarmupCount=15)","Namespace":"BenchmarkDotNet.Tests.Mocks","Type":"MockBenchmarkClass","Method":"Foo","MethodTitle":"Foo","Parameters":"","FullName":"BenchmarkDotNet.Tests.Mocks.MockFactory+MockBenchmarkClass.Foo","Statistics":{"OriginalValues":[1],"N":1,"Min":1,"LowerFence":1,"Q1":1,"Median":1,"Mean":1,"Q3":1,"UpperFence":1,"Max":1,"InterquartileRange":0,"LowerOutliers":[],"UpperOutliers":[],"AllOutliers":[],"StandardError":0,"Variance":0,"StandardDeviation":0,"Skewness":NaN,"Kurtosis":NaN,"ConfidenceInterval":{"N":1,"Mean":1,"StandardError":0,"Level":12,"Margin":NaN,"Lower":NaN,"Upper":NaN},"Percentiles":{"P0":1,"P25":1,"P50":1,"P67":1,"P80":1,"P85":1,"P90":1,"P95":1,"P100":1}},"Measurements":[{"IterationMode":"Workload","IterationStage":"Result","LaunchIndex":1,"IterationIndex":1,"Operations":1,"Nanoseconds":1}]},{"DisplayInfo":"MockBenchmarkClass.Bar: LongRun(IterationCount=100, LaunchCount=3, WarmupCount=15)","Namespace":"BenchmarkDotNet.Tests.Mocks","Type":"MockBenchmarkClass","Method":"Bar","MethodTitle":"Bar","Parameters":"","FullName":"BenchmarkDotNet.Tests.Mocks.MockFactory+MockBenchmarkClass.Bar","Statistics":{"OriginalValues":[1],"N":1,"Min":1,"LowerFence":1,"Q1":1,"Median":1,"Mean":1,"Q3":1,"UpperFence":1,"Max":1,"InterquartileRange":0,"LowerOutliers":[],"UpperOutliers":[],"AllOutliers":[],"StandardError":0,"Variance":0,"StandardDeviation":0,"Skewness":NaN,"Kurtosis":NaN,"ConfidenceInterval":{"N":1,"Mean":1,"StandardError":0,"Level":12,"Margin":NaN,"Lower":NaN,"Upper":NaN},"Percentiles":{"P0":1,"P25":1,"P50":1,"P67":1,"P80":1,"P85":1,"P90":1,"P95":1,"P100":1}},"Measurements":[{"IterationMode":"Workload","IterationStage":"Result","LaunchIndex":1,"IterationIndex":1,"Operations":1,"Nanoseconds":1}]}]}
############################################
MarkdownExporter-default
############################################

BenchmarkDotNet=v0.10.x-mock, OS=Microsoft Windows NT 10.0.x.mock, VM=Hyper-V
MockIntel Core i7-6700HQ CPU 2.60GHz (Max: 3.10GHz), 1 CPU, 8 logical and 4 physical cores
Frequency=2531248 Hz, Resolution=395.0620 ns, Timer=TSC
  [Host]  : Clr 4.0.x.mock, 64mock RyuJIT-v4.6.x.mock CONFIGURATION
  LongRun : extra output line

Job=LongRun  IterationCount=100  LaunchCount=3  
WarmupCount=15  

 Method |     Mean | Error |   StdDev |      P67 |
------- |---------:|------:|---------:|---------:|
    Foo | 1,000 ns |    NA | 0,000 ns | 1,000 ns |
    Bar | 1,000 ns |    NA | 0,000 ns | 1,000 ns |
############################################
MarkdownExporter-atlassian
############################################
{noformat}

BenchmarkDotNet=v0.10.x-mock, OS=Microsoft Windows NT 10.0.x.mock, VM=Hyper-V
MockIntel Core i7-6700HQ CPU 2.60GHz (Max: 3.10GHz), 1 CPU, 8 logical and 4 physical cores
Frequency=2531248 Hz, Resolution=395.0620 ns, Timer=TSC
  [Host]  : Clr 4.0.x.mock, 64mock RyuJIT-v4.6.x.mock CONFIGURATION
  LongRun : extra output line

Job=LongRun  IterationCount=100  LaunchCount=3  
WarmupCount=15  

{noformat}
||Method ||    Mean ||Error ||  StdDev ||     P67 ||
|    Foo | 1,000 ns |    NA | 0,000 ns | 1,000 ns |
|    Bar | 1,000 ns |    NA | 0,000 ns | 1,000 ns |
############################################
MarkdownExporter-console
############################################

BenchmarkDotNet=v0.10.x-mock, OS=Microsoft Windows NT 10.0.x.mock, VM=Hyper-V
MockIntel Core i7-6700HQ CPU 2.60GHz (Max: 3.10GHz), 1 CPU, 8 logical and 4 physical cores
Frequency=2531248 Hz, Resolution=395.0620 ns, Timer=TSC
  [Host]  : Clr 4.0.x.mock, 64mock RyuJIT-v4.6.x.mock CONFIGURATION
  LongRun : extra output line

Job=LongRun  IterationCount=100  LaunchCount=3  
WarmupCount=15  

| Method |     Mean | Error |   StdDev |      P67 |
|------- |---------:|------:|---------:|---------:|
|    Foo | 1,000 ns |    NA | 0,000 ns | 1,000 ns |
|    Bar | 1,000 ns |    NA | 0,000 ns | 1,000 ns |
############################################
MarkdownExporter-github
############################################
``` ini

BenchmarkDotNet=v0.10.x-mock, OS=Microsoft Windows NT 10.0.x.mock, VM=Hyper-V
MockIntel Core i7-6700HQ CPU 2.60GHz (Max: 3.10GHz), 1 CPU, 8 logical and 4 physical cores
Frequency=2531248 Hz, Resolution=395.0620 ns, Timer=TSC
  [Host]  : Clr 4.0.x.mock, 64mock RyuJIT-v4.6.x.mock CONFIGURATION
  LongRun : extra output line

Job=LongRun  IterationCount=100  LaunchCount=3  
WarmupCount=15  

```
| Method |     Mean | Error |   StdDev |      P67 |
|------- |---------:|------:|---------:|---------:|
|    Foo | 1,000 ns |    NA | 0,000 ns | 1,000 ns |
|    Bar | 1,000 ns |    NA | 0,000 ns | 1,000 ns |
############################################
MarkdownExporter-stackoverflow
############################################

    BenchmarkDotNet=v0.10.x-mock, OS=Microsoft Windows NT 10.0.x.mock, VM=Hyper-V
    MockIntel Core i7-6700HQ CPU 2.60GHz (Max: 3.10GHz), 1 CPU, 8 logical and 4 physical cores
    Frequency=2531248 Hz, Resolution=395.0620 ns, Timer=TSC
      [Host]  : Clr 4.0.x.mock, 64mock RyuJIT-v4.6.x.mock CONFIGURATION
      LongRun : extra output line

    Job=LongRun  IterationCount=100  LaunchCount=3  
    WarmupCount=15  

     Method |     Mean | Error |   StdDev |      P67 |
    ------- |---------:|------:|---------:|---------:|
        Foo | 1,000 ns |    NA | 0,000 ns | 1,000 ns |
        Bar | 1,000 ns |    NA | 0,000 ns | 1,000 ns |
############################################
PlainExporter
############################################
*** MockBenchmarkClass.Foo: LongRun(IterationCount=100, LaunchCount=3, WarmupCount=15) ***
* Raw *
WorkloadResult   1: 1 op, 1.00 ns, 1.0000 ns/op

* Statistics for WorkloadResult
Mean = 1,000 ns; StdErr = 0,000 ns (0,00%); N = 1; StdDev = 0,000 ns
Min = 1,000 ns; Q1 = 1,000 ns; Median = 1,000 ns; Q3 = 1,000 ns; Max = 1,000 ns
IQR = 0,000 ns; LowerFence = 1,000 ns; UpperFence = 1,000 ns
ConfidenceInterval = [не число ns; не число ns] (CI 99.9%); Margin = не число ns (не число% of Mean)
Skewness = не число; Kurtosis = не число; MValue = 2
-------------------- Histogram --------------------
[0,500 ns ; 1,500 ns) | @
---------------------------------------------------
*** MockBenchmarkClass.Bar: LongRun(IterationCount=100, LaunchCount=3, WarmupCount=15) ***
* Raw *
WorkloadResult   1: 1 op, 1.00 ns, 1.0000 ns/op

* Statistics for WorkloadResult
Mean = 1,000 ns; StdErr = 0,000 ns (0,00%); N = 1; StdDev = 0,000 ns
Min = 1,000 ns; Q1 = 1,000 ns; Median = 1,000 ns; Q3 = 1,000 ns; Max = 1,000 ns
IQR = 0,000 ns; LowerFence = 1,000 ns; UpperFence = 1,000 ns
ConfidenceInterval = [не число ns; не число ns] (CI 99.9%); Margin = не число ns (не число% of Mean)
Skewness = не число; Kurtosis = не число; MValue = 2
-------------------- Histogram --------------------
[0,500 ns ; 1,500 ns) | @
---------------------------------------------------
############################################
XmlExporter-brief
############################################
<?xml version="1.0" encoding="utf-8"?>
<Summary>
  <Title>MockSummary</Title>
  <HostEnvironmentInfo>
    <BenchmarkDotNetCaption>BenchmarkDotNet</BenchmarkDotNetCaption>
    <BenchmarkDotNetVersion>0.10.x-mock</BenchmarkDotNetVersion>
    <OsVersion>Microsoft Windows NT 10.0.x.mock</OsVersion>
    <ProcessorName>MockIntel Core i7-6700HQ CPU 2.60GHz</ProcessorName>
    <PhysicalProcessorCount>1</PhysicalProcessorCount>
    <PhysicalCoreCount>4</PhysicalCoreCount>
    <LogicalCoreCount>8</LogicalCoreCount>
    <RuntimeVersion>Clr 4.0.x.mock</RuntimeVersion>
    <Architecture>64mock</Architecture>
    <HasAttachedDebugger>False</HasAttachedDebugger>
    <HasRyuJit>True</HasRyuJit>
    <Configuration>CONFIGURATION</Configuration>
    <ChronometerFrequency>
      <Hertz>2531248</Hertz>
    </ChronometerFrequency>
    <HardwareTimerKind>Tsc</HardwareTimerKind>
  </HostEnvironmentInfo>
  <Benchmarks>
    <BenchmarkCase>
      <DisplayInfo>MockBenchmarkClass.Foo: LongRun(IterationCount=100, LaunchCount=3, WarmupCount=15)</DisplayInfo>
      <Namespace>BenchmarkDotNet.Tests.Mocks</Namespace>
      <Type>MockBenchmarkClass</Type>
      <Method>Foo</Method>
      <MethodTitle>Foo</MethodTitle>
      <Statistics>
        <OriginalValues>
          <Item>1</Item>
        </OriginalValues>
        <N>1</N>
        <Min>1</Min>
        <LowerFence>1</LowerFence>
        <Q1>1</Q1>
        <Median>1</Median>
        <Mean>1</Mean>
        <Q3>1</Q3>
        <UpperFence>1</UpperFence>
        <Max>1</Max>
        <InterquartileRange>0</InterquartileRange>
        <StandardError>0</StandardError>
        <Variance>0</Variance>
        <StandardDeviation>0</StandardDeviation>
        <Skewness>NaN</Skewness>
        <Kurtosis>NaN</Kurtosis>
        <ConfidenceInterval>
          <N>1</N>
          <Mean>1</Mean>
          <StandardError>0</StandardError>
          <Level>L999</Level>
          <Margin>NaN</Margin>
          <Lower>NaN</Lower>
          <Upper>NaN</Upper>
        </ConfidenceInterval>
        <Percentiles>
          <P0>1</P0>
          <P25>1</P25>
          <P50>1</P50>
          <P67>1</P67>
          <P80>1</P80>
          <P85>1</P85>
          <P90>1</P90>
          <P95>1</P95>
          <P100>1</P100>
        </Percentiles>
      </Statistics>
    </BenchmarkCase>
    <BenchmarkCase>
      <DisplayInfo>MockBenchmarkClass.Bar: LongRun(IterationCount=100, LaunchCount=3, WarmupCount=15)</DisplayInfo>
      <Namespace>BenchmarkDotNet.Tests.Mocks</Namespace>
      <Type>MockBenchmarkClass</Type>
      <Method>Bar</Method>
      <MethodTitle>Bar</MethodTitle>
      <Statistics>
        <OriginalValues>
          <Item>1</Item>
        </OriginalValues>
        <N>1</N>
        <Min>1</Min>
        <LowerFence>1</LowerFence>
        <Q1>1</Q1>
        <Median>1</Median>
        <Mean>1</Mean>
        <Q3>1</Q3>
        <UpperFence>1</UpperFence>
        <Max>1</Max>
        <InterquartileRange>0</InterquartileRange>
        <StandardError>0</StandardError>
        <Variance>0</Variance>
        <StandardDeviation>0</StandardDeviation>
        <Skewness>NaN</Skewness>
        <Kurtosis>NaN</Kurtosis>
        <ConfidenceInterval>
          <N>1</N>
          <Mean>1</Mean>
          <StandardError>0</StandardError>
          <Level>L999</Level>
          <Margin>NaN</Margin>
          <Lower>NaN</Lower>
          <Upper>NaN</Upper>
        </ConfidenceInterval>
        <Percentiles>
          <P0>1</P0>
          <P25>1</P25>
          <P50>1</P50>
          <P67>1</P67>
          <P80>1</P80>
          <P85>1</P85>
          <P90>1</P90>
          <P95>1</P95>
          <P100>1</P100>
        </Percentiles>
      </Statistics>
    </BenchmarkCase>
  </Benchmarks>
</Summary>
############################################
XmlExporter-brief-compressed
############################################
<?xml version="1.0" encoding="utf-8"?><Summary><Title>MockSummary</Title><HostEnvironmentInfo><BenchmarkDotNetCaption>BenchmarkDotNet</BenchmarkDotNetCaption><BenchmarkDotNetVersion>0.10.x-mock</BenchmarkDotNetVersion><OsVersion>Microsoft Windows NT 10.0.x.mock</OsVersion><ProcessorName>MockIntel Core i7-6700HQ CPU 2.60GHz</ProcessorName><PhysicalProcessorCount>1</PhysicalProcessorCount><PhysicalCoreCount>4</PhysicalCoreCount><LogicalCoreCount>8</LogicalCoreCount><RuntimeVersion>Clr 4.0.x.mock</RuntimeVersion><Architecture>64mock</Architecture><HasAttachedDebugger>False</HasAttachedDebugger><HasRyuJit>True</HasRyuJit><Configuration>CONFIGURATION</Configuration><ChronometerFrequency><Hertz>2531248</Hertz></ChronometerFrequency><HardwareTimerKind>Tsc</HardwareTimerKind></HostEnvironmentInfo><Benchmarks><BenchmarkCase><DisplayInfo>MockBenchmarkClass.Foo: LongRun(IterationCount=100, LaunchCount=3, WarmupCount=15)</DisplayInfo><Namespace>BenchmarkDotNet.Tests.Mocks</Namespace><Type>MockBenchmarkClass</Type><Method>Foo</Method><MethodTitle>Foo</MethodTitle><Statistics><OriginalValues><Item>1</Item></OriginalValues><N>1</N><Min>1</Min><LowerFence>1</LowerFence><Q1>1</Q1><Median>1</Median><Mean>1</Mean><Q3>1</Q3><UpperFence>1</UpperFence><Max>1</Max><InterquartileRange>0</InterquartileRange><StandardError>0</StandardError><Variance>0</Variance><StandardDeviation>0</StandardDeviation><Skewness>NaN</Skewness><Kurtosis>NaN</Kurtosis><ConfidenceInterval><N>1</N><Mean>1</Mean><StandardError>0</StandardError><Level>L999</Level><Margin>NaN</Margin><Lower>NaN</Lower><Upper>NaN</Upper></ConfidenceInterval><Percentiles><P0>1</P0><P25>1</P25><P50>1</P50><P67>1</P67><P80>1</P80><P85>1</P85><P90>1</P90><P95>1</P95><P100>1</P100></Percentiles></Statistics></BenchmarkCase><BenchmarkCase><DisplayInfo>MockBenchmarkClass.Bar: LongRun(IterationCount=100, LaunchCount=3, WarmupCount=15)</DisplayInfo><Namespace>BenchmarkDotNet.Tests.Mocks</Namespace><Type>MockBenchmarkClass</Type><Method>Bar</Method><MethodTitle>Bar</MethodTitle><Statistics><OriginalValues><Item>1</Item></OriginalValues><N>1</N><Min>1</Min><LowerFence>1</LowerFence><Q1>1</Q1><Median>1</Median><Mean>1</Mean><Q3>1</Q3><UpperFence>1</UpperFence><Max>1</Max><InterquartileRange>0</InterquartileRange><StandardError>0</StandardError><Variance>0</Variance><StandardDeviation>0</StandardDeviation><Skewness>NaN</Skewness><Kurtosis>NaN</Kurtosis><ConfidenceInterval><N>1</N><Mean>1</Mean><StandardError>0</StandardError><Level>L999</Level><Margin>NaN</Margin><Lower>NaN</Lower><Upper>NaN</Upper></ConfidenceInterval><Percentiles><P0>1</P0><P25>1</P25><P50>1</P50><P67>1</P67><P80>1</P80><P85>1</P85><P90>1</P90><P95>1</P95><P100>1</P100></Percentiles></Statistics></BenchmarkCase></Benchmarks></Summary>
############################################
XmlExporter-full
############################################
<?xml version="1.0" encoding="utf-8"?>
<Summary>
  <Title>MockSummary</Title>
  <HostEnvironmentInfo>
    <BenchmarkDotNetCaption>BenchmarkDotNet</BenchmarkDotNetCaption>
    <BenchmarkDotNetVersion>0.10.x-mock</BenchmarkDotNetVersion>
    <OsVersion>Microsoft Windows NT 10.0.x.mock</OsVersion>
    <ProcessorName>MockIntel Core i7-6700HQ CPU 2.60GHz</ProcessorName>
    <PhysicalProcessorCount>1</PhysicalProcessorCount>
    <PhysicalCoreCount>4</PhysicalCoreCount>
    <LogicalCoreCount>8</LogicalCoreCount>
    <RuntimeVersion>Clr 4.0.x.mock</RuntimeVersion>
    <Architecture>64mock</Architecture>
    <HasAttachedDebugger>False</HasAttachedDebugger>
    <HasRyuJit>True</HasRyuJit>
    <Configuration>CONFIGURATION</Configuration>
    <ChronometerFrequency>
      <Hertz>2531248</Hertz>
    </ChronometerFrequency>
    <HardwareTimerKind>Tsc</HardwareTimerKind>
  </HostEnvironmentInfo>
  <Benchmarks>
    <BenchmarkCase>
      <DisplayInfo>MockBenchmarkClass.Foo: LongRun(IterationCount=100, LaunchCount=3, WarmupCount=15)</DisplayInfo>
      <Namespace>BenchmarkDotNet.Tests.Mocks</Namespace>
      <Type>MockBenchmarkClass</Type>
      <Method>Foo</Method>
      <MethodTitle>Foo</MethodTitle>
      <Statistics>
        <OriginalValues>
          <Item>1</Item>
        </OriginalValues>
        <N>1</N>
        <Min>1</Min>
        <LowerFence>1</LowerFence>
        <Q1>1</Q1>
        <Median>1</Median>
        <Mean>1</Mean>
        <Q3>1</Q3>
        <UpperFence>1</UpperFence>
        <Max>1</Max>
        <InterquartileRange>0</InterquartileRange>
        <StandardError>0</StandardError>
        <Variance>0</Variance>
        <StandardDeviation>0</StandardDeviation>
        <Skewness>NaN</Skewness>
        <Kurtosis>NaN</Kurtosis>
        <ConfidenceInterval>
          <N>1</N>
          <Mean>1</Mean>
          <StandardError>0</StandardError>
          <Level>L999</Level>
          <Margin>NaN</Margin>
          <Lower>NaN</Lower>
          <Upper>NaN</Upper>
        </ConfidenceInterval>
        <Percentiles>
          <P0>1</P0>
          <P25>1</P25>
          <P50>1</P50>
          <P67>1</P67>
          <P80>1</P80>
          <P85>1</P85>
          <P90>1</P90>
          <P95>1</P95>
          <P100>1</P100>
        </Percentiles>
      </Statistics>
      <Measurements>
        <Measurement>
          <IterationMode>Workload</IterationMode>
          <IterationStage>Result</IterationStage>
          <LaunchIndex>1</LaunchIndex>
          <IterationIndex>1</IterationIndex>
          <Operations>1</Operations>
          <Nanoseconds>1</Nanoseconds>
        </Measurement>
      </Measurements>
    </BenchmarkCase>
    <BenchmarkCase>
      <DisplayInfo>MockBenchmarkClass.Bar: LongRun(IterationCount=100, LaunchCount=3, WarmupCount=15)</DisplayInfo>
      <Namespace>BenchmarkDotNet.Tests.Mocks</Namespace>
      <Type>MockBenchmarkClass</Type>
      <Method>Bar</Method>
      <MethodTitle>Bar</MethodTitle>
      <Statistics>
        <OriginalValues>
          <Item>1</Item>
        </OriginalValues>
        <N>1</N>
        <Min>1</Min>
        <LowerFence>1</LowerFence>
        <Q1>1</Q1>
        <Median>1</Median>
        <Mean>1</Mean>
        <Q3>1</Q3>
        <UpperFence>1</UpperFence>
        <Max>1</Max>
        <InterquartileRange>0</InterquartileRange>
        <StandardError>0</StandardError>
        <Variance>0</Variance>
        <StandardDeviation>0</StandardDeviation>
        <Skewness>NaN</Skewness>
        <Kurtosis>NaN</Kurtosis>
        <ConfidenceInterval>
          <N>1</N>
          <Mean>1</Mean>
          <StandardError>0</StandardError>
          <Level>L999</Level>
          <Margin>NaN</Margin>
          <Lower>NaN</Lower>
          <Upper>NaN</Upper>
        </ConfidenceInterval>
        <Percentiles>
          <P0>1</P0>
          <P25>1</P25>
          <P50>1</P50>
          <P67>1</P67>
          <P80>1</P80>
          <P85>1</P85>
          <P90>1</P90>
          <P95>1</P95>
          <P100>1</P100>
        </Percentiles>
      </Statistics>
      <Measurements>
        <Measurement>
          <IterationMode>Workload</IterationMode>
          <IterationStage>Result</IterationStage>
          <LaunchIndex>1</LaunchIndex>
          <IterationIndex>1</IterationIndex>
          <Operations>1</Operations>
          <Nanoseconds>1</Nanoseconds>
        </Measurement>
      </Measurements>
    </BenchmarkCase>
  </Benchmarks>
</Summary>
############################################
XmlExporter-full-compressed
############################################
<?xml version="1.0" encoding="utf-8"?><Summary><Title>MockSummary</Title><HostEnvironmentInfo><BenchmarkDotNetCaption>BenchmarkDotNet</BenchmarkDotNetCaption><BenchmarkDotNetVersion>0.10.x-mock</BenchmarkDotNetVersion><OsVersion>Microsoft Windows NT 10.0.x.mock</OsVersion><ProcessorName>MockIntel Core i7-6700HQ CPU 2.60GHz</ProcessorName><PhysicalProcessorCount>1</PhysicalProcessorCount><PhysicalCoreCount>4</PhysicalCoreCount><LogicalCoreCount>8</LogicalCoreCount><RuntimeVersion>Clr 4.0.x.mock</RuntimeVersion><Architecture>64mock</Architecture><HasAttachedDebugger>False</HasAttachedDebugger><HasRyuJit>True</HasRyuJit><Configuration>CONFIGURATION</Configuration><ChronometerFrequency><Hertz>2531248</Hertz></ChronometerFrequency><HardwareTimerKind>Tsc</HardwareTimerKind></HostEnvironmentInfo><Benchmarks><BenchmarkCase><DisplayInfo>MockBenchmarkClass.Foo: LongRun(IterationCount=100, LaunchCount=3, WarmupCount=15)</DisplayInfo><Namespace>BenchmarkDotNet.Tests.Mocks</Namespace><Type>MockBenchmarkClass</Type><Method>Foo</Method><MethodTitle>Foo</MethodTitle><Statistics><OriginalValues><Item>1</Item></OriginalValues><N>1</N><Min>1</Min><LowerFence>1</LowerFence><Q1>1</Q1><Median>1</Median><Mean>1</Mean><Q3>1</Q3><UpperFence>1</UpperFence><Max>1</Max><InterquartileRange>0</InterquartileRange><StandardError>0</StandardError><Variance>0</Variance><StandardDeviation>0</StandardDeviation><Skewness>NaN</Skewness><Kurtosis>NaN</Kurtosis><ConfidenceInterval><N>1</N><Mean>1</Mean><StandardError>0</StandardError><Level>L999</Level><Margin>NaN</Margin><Lower>NaN</Lower><Upper>NaN</Upper></ConfidenceInterval><Percentiles><P0>1</P0><P25>1</P25><P50>1</P50><P67>1</P67><P80>1</P80><P85>1</P85><P90>1</P90><P95>1</P95><P100>1</P100></Percentiles></Statistics><Measurements><Measurement><IterationMode>Workload</IterationMode><IterationStage>Result</IterationStage><LaunchIndex>1</LaunchIndex><IterationIndex>1</IterationIndex><Operations>1</Operations><Nanoseconds>1</Nanoseconds></Measurement></Measurements></BenchmarkCase><BenchmarkCase><DisplayInfo>MockBenchmarkClass.Bar: LongRun(IterationCount=100, LaunchCount=3, WarmupCount=15)</DisplayInfo><Namespace>BenchmarkDotNet.Tests.Mocks</Namespace><Type>MockBenchmarkClass</Type><Method>Bar</Method><MethodTitle>Bar</MethodTitle><Statistics><OriginalValues><Item>1</Item></OriginalValues><N>1</N><Min>1</Min><LowerFence>1</LowerFence><Q1>1</Q1><Median>1</Median><Mean>1</Mean><Q3>1</Q3><UpperFence>1</UpperFence><Max>1</Max><InterquartileRange>0</InterquartileRange><StandardError>0</StandardError><Variance>0</Variance><StandardDeviation>0</StandardDeviation><Skewness>NaN</Skewness><Kurtosis>NaN</Kurtosis><ConfidenceInterval><N>1</N><Mean>1</Mean><StandardError>0</StandardError><Level>L999</Level><Margin>NaN</Margin><Lower>NaN</Lower><Upper>NaN</Upper></ConfidenceInterval><Percentiles><P0>1</P0><P25>1</P25><P50>1</P50><P67>1</P67><P80>1</P80><P85>1</P85><P90>1</P90><P95>1</P95><P100>1</P100></Percentiles></Statistics><Measurements><Measurement><IterationMode>Workload</IterationMode><IterationStage>Result</IterationStage><LaunchIndex>1</LaunchIndex><IterationIndex>1</IterationIndex><Operations>1</Operations><Nanoseconds>1</Nanoseconds></Measurement></Measurements></BenchmarkCase></Benchmarks></Summary>
