=== Invalid_MethodAndJobBaselines ===

BenchmarkDotNet=v0.10.x-mock, OS=Microsoft Windows NT 10.0.x.mock, VM=Hyper-V
MockIntel Core i7-6700HQ CPU 2.60GHz (Max: 3.10GHz), 1 CPU, 8 logical and 4 physical cores
Frequency=2531248 Hz, Resolution=395.0620 ns, Timer=TSC
Total Memory=7.92 GB, Available Memory=2.75 GB
  [Host] : Clr 4.0.x.mock, 64mock RyuJIT-v4.6.x.mock CONFIGURATION


 Method |  Job |     Mean |    Error |   StdDev | Scaled | ScaledSD | Rank |                           LogicalGroup | Baseline |
------- |----- |---------:|---------:|---------:|-------:|---------:|-----:|--------------------------------------- |--------- |
    Foo | Job1 | 102.0 ns | 6.087 ns | 1.581 ns |   1.00 |     0.00 |    1 | Invalid_MethodAndJobBaselines.Foo-Job1 |      Yes |
        |      |          |          |          |        |          |      |                                        |          |
    Bar | Job1 | 202.0 ns | 6.087 ns | 1.581 ns |   1.00 |     0.00 |    1 | Invalid_MethodAndJobBaselines.Bar-Job1 |      Yes |
        |      |          |          |          |        |          |      |                                        |          |
    Foo | Job2 | 302.0 ns | 6.087 ns | 1.581 ns |   1.00 |     0.00 |    1 | Invalid_MethodAndJobBaselines.Foo-Job2 |      Yes |
        |      |          |          |          |        |          |      |                                        |          |
    Bar | Job2 | 402.0 ns | 6.087 ns | 1.581 ns |      ? |        ? |    1 | Invalid_MethodAndJobBaselines.Bar-Job2 |       No |

Errors: 0
