=== JobBaseline_MethodsParamsJobs ===

BenchmarkDotNet=v0.10.x-mock, OS=Microsoft Windows NT 10.0.x.mock, VM=Hyper-V
MockIntel Core i7-6700HQ CPU 2.60GHz (Max: 3.10GHz), 1 CPU, 8 logical and 4 physical cores
Frequency=2531248 Hz, Resolution=395.0620 ns, Timer=TSC
Total Memory=7.92 GB, Available Memory=2.75 GB
  [Host] : Clr 4.0.x.mock, 64mock RyuJIT-v4.6.x.mock CONFIGURATION


 Method |  Job | Param |       Mean |    Error |   StdDev | Scaled | ScaledSD | Rank |                                  LogicalGroup | Baseline |
------- |----- |------ |-----------:|---------:|---------:|-------:|---------:|-----:|---------------------------------------------- |--------- |
   Base | Job1 |     2 |   102.0 ns | 6.087 ns | 1.581 ns |   1.00 |     0.00 |    1 |  JobBaseline_MethodsParamsJobs.Base-[Param=2] |      Yes | ^
   Base | Job2 |     2 |   402.0 ns | 6.087 ns | 1.581 ns |   3.94 |     0.06 |    2 |  JobBaseline_MethodsParamsJobs.Base-[Param=2] |       No |
        |      |       |            |          |          |        |          |      |                                               |          |
    Foo | Job1 |     2 |   202.0 ns | 6.087 ns | 1.581 ns |   1.00 |     0.00 |    1 |   JobBaseline_MethodsParamsJobs.Foo-[Param=2] |      Yes |
    Foo | Job2 |     2 |   502.0 ns | 6.087 ns | 1.581 ns |   2.49 |     0.02 |    2 |   JobBaseline_MethodsParamsJobs.Foo-[Param=2] |       No |
        |      |       |            |          |          |        |          |      |                                               |          |
    Bar | Job1 |     2 |   302.0 ns | 6.087 ns | 1.581 ns |   1.00 |     0.00 |    1 |   JobBaseline_MethodsParamsJobs.Bar-[Param=2] |      Yes |
    Bar | Job2 |     2 |   602.0 ns | 6.087 ns | 1.581 ns |   1.99 |     0.01 |    2 |   JobBaseline_MethodsParamsJobs.Bar-[Param=2] |       No |
        |      |       |            |          |          |        |          |      |                                               |          |
   Base | Job1 |    10 |   702.0 ns | 6.087 ns | 1.581 ns |   1.00 |     0.00 |    1 | JobBaseline_MethodsParamsJobs.Base-[Param=10] |      Yes | ^
   Base | Job2 |    10 | 1,002.0 ns | 6.087 ns | 1.581 ns |   1.43 |     0.00 |    2 | JobBaseline_MethodsParamsJobs.Base-[Param=10] |       No |
        |      |       |            |          |          |        |          |      |                                               |          |
    Foo | Job1 |    10 |   802.0 ns | 6.087 ns | 1.581 ns |   1.00 |     0.00 |    1 |  JobBaseline_MethodsParamsJobs.Foo-[Param=10] |      Yes |
    Foo | Job2 |    10 | 1,102.0 ns | 6.087 ns | 1.581 ns |   1.37 |     0.00 |    2 |  JobBaseline_MethodsParamsJobs.Foo-[Param=10] |       No |
        |      |       |            |          |          |        |          |      |                                               |          |
    Bar | Job1 |    10 |   902.0 ns | 6.087 ns | 1.581 ns |   1.00 |     0.00 |    1 |  JobBaseline_MethodsParamsJobs.Bar-[Param=10] |      Yes |
    Bar | Job2 |    10 | 1,202.0 ns | 6.087 ns | 1.581 ns |   1.33 |     0.00 |    2 |  JobBaseline_MethodsParamsJobs.Bar-[Param=10] |       No |

Errors: 0
