=== Invalid_TwoMethodBaselines ===

BenchmarkDotNet=v0.10.x-mock, OS=Microsoft Windows NT 10.0.x.mock, VM=Hyper-V
MockIntel Core i7-6700HQ CPU 2.60GHz (Max: 3.10GHz), 1 CPU, 8 logical and 4 physical cores
Frequency=2531248 Hz, Resolution=395.0620 ns, Timer=TSC
Total Memory=7.92 GB, Available Memory=2.75 GB
  [Host] : Clr 4.0.x.mock, 64mock RyuJIT-v4.6.x.mock CONFIGURATION


 Method |     Mean |    Error |   StdDev | Scaled | Rank | LogicalGroup | Baseline |
------- |---------:|---------:|---------:|-------:|-----:|------------- |--------- |
    Foo | 102.0 ns | 6.087 ns | 1.581 ns |   1.00 |    1 |   DefaultJob |      Yes |
    Bar | 202.0 ns | 6.087 ns | 1.581 ns |   1.00 |    2 |   DefaultJob |      Yes |

Errors: 1
* Only 1 benchmark method in a group can have "Baseline = true" applied to it, group DefaultJob in class Invalid_TwoMethodBaselines has 2
