=== WithAllValuesOfEnum ===

BenchmarkDotNet=v0.10.x-mock, OS=Microsoft Windows NT 10.0.x.mock, VM=Hyper-V
MockIntel Core i7-6700HQ CPU 2.60GHz (Max: 3.10GHz), 1 CPU, 8 logical and 4 physical cores
Frequency=2531248 Hz, Resolution=395.0620 ns, Timer=TSC
  [Host]     : Clr 4.0.x.mock, 64mock RyuJIT-v4.6.x.mock CONFIGURATION
  DefaultJob : extra output line


    Method | ParamProperty |     Mean |   Error |  StdDev |
---------- |-------------- |---------:|--------:|--------:|
 Benchmark |             A | 102.0 ns | 6.09 ns | 1.58 ns | ^
 Benchmark |             B | 202.0 ns | 6.09 ns | 1.58 ns | ^
 Benchmark |             C | 302.0 ns | 6.09 ns | 1.58 ns | ^

Errors: 0
