
BenchmarkDotNet=v0.10.x-mock, OS=Microsoft Windows NT 10.0.x.mock, VM=Hyper-V
MockIntel Core i7-6700HQ CPU 2.60GHz (Max: 3.10GHz), 1 CPU, 8 logical and 4 physical cores
Frequency=2531248 Hz, Resolution=395.0620 ns, Timer=TSC
  [Host]                   : Clr 4.0.x.mock, 64mock RyuJIT-v4.6.x.mock CONFIGURATION
  Job-rndId0               : extra output line
  Job-rndId1               : extra output line
  Job-rndId2               : extra output line
  Dry                      : extra output line
  Dry-.NET 6.0             : extra output line
  Dry-.NET Framework 4.8.1 : extra output line
  Dry-NativeAOT 6.0        : extra output line


 Method |              Runtime | IterationCount | LaunchCount | RunStrategy | UnrollFactor | WarmupCount |     Mean | Error | Ratio |
------- |--------------------- |--------------- |------------ |------------ |------------- |------------ |---------:|------:|------:|
 Method |             .NET 7.0 |        Default |     Default |     Default |           16 |     Default | 1.000 ns |    NA |  1.00 |
 Method | .NET Framework 4.8.1 |        Default |     Default |     Default |           16 |     Default | 1.000 ns |    NA |  1.00 |
 Method |        NativeAOT 7.0 |        Default |     Default |     Default |           16 |     Default | 1.000 ns |    NA |  1.00 |
 Method |             .NET 7.0 |              1 |           1 |   ColdStart |            1 |           1 | 1.000 ns |    NA |  1.00 |
 Method | .NET Framework 4.8.1 |              1 |           1 |   ColdStart |            1 |           1 | 1.000 ns |    NA |  1.00 |
 Method |        NativeAOT 7.0 |              1 |           1 |   ColdStart |            1 |           1 | 1.000 ns |    NA |  1.00 |
 Method |             .NET 6.0 |              1 |           1 |   ColdStart |            1 |           1 | 1.000 ns |    NA |  1.00 |
 Method | .NET Framework 4.8.1 |              1 |           1 |   ColdStart |            1 |           1 | 1.000 ns |    NA |  1.00 |
 Method |        NativeAOT 6.0 |              1 |           1 |   ColdStart |            1 |           1 | 1.000 ns |    NA |  1.00 |
